ARM Linker, RVCT4.0 [Build 524] for uVision [Standard]

==============================================================================

Section Cross References

    stm32f10x.o(STACK) refers (Special) to heapauxi.o(.text) for __use_two_region_memory
    stm32f10x.o(HEAP) refers (Special) to heapauxi.o(.text) for __use_two_region_memory
    stm32f10x.o(RESET) refers (Special) to heapauxi.o(.text) for __use_two_region_memory
    stm32f10x.o(RESET) refers to stm32f10x.o(STACK) for __initial_sp
    stm32f10x.o(RESET) refers to stm32f10x.o(.text) for Reset_Handler
    stm32f10x.o(RESET) refers to wdg.o(.text) for WWDG_IRQHandler
    stm32f10x.o(RESET) refers to usmart.o(.text) for TIM2_IRQHandler
    stm32f10x.o(RESET) refers to timer.o(.text) for TIM3_IRQHandler
    stm32f10x.o(RESET) refers to usart.o(.text) for USART1_IRQHandler
    stm32f10x.o(RESET) refers to usart2.o(.text) for USART2_IRQHandler
    stm32f10x.o(RESET) refers to usart3.o(.text) for USART3_IRQHandler
    stm32f10x.o(RESET) refers to exti.o(.text) for EXTI15_10_IRQHandler
    stm32f10x.o(.text) refers (Special) to heapauxi.o(.text) for __use_two_region_memory
    stm32f10x.o(.text) refers to __main.o(!!!main) for __main
    stm32f10x.o(.text) refers to stm32f10x.o(HEAP) for Heap_Mem
    stm32f10x.o(.text) refers to stm32f10x.o(STACK) for Stack_Mem
    test.o(.text) refers (Special) to _printf_d.o(.ARM.Collect$$_printf_percent$$00000009) for _printf_d
    test.o(.text) refers (Special) to _printf_f.o(.ARM.Collect$$_printf_percent$$00000003) for _printf_f
    test.o(.text) refers (Special) to printf1.o(x$fpl$printf1) for _printf_fp_dec
    test.o(.text) refers (Special) to _printf_dec.o(.text) for _printf_int_dec
    test.o(.text) refers (Special) to _printf_percent.o(.ARM.Collect$$_printf_percent$$00000000) for _printf_percent
    test.o(.text) refers (Special) to _printf_pad.o(.text) for _printf_pre_padding
    test.o(.text) refers to ili93xx.o(.text) for LCD_ShowxNum
    test.o(.text) refers to ff.o(.text) for f_open
    test.o(.text) refers to fmul.o(x$fpl$fmul) for __aeabi_fmul
    test.o(.text) refers to f2d.o(x$fpl$f2d) for __aeabi_f2d
    test.o(.text) refers to delay.o(.text) for delay_ms
    test.o(.text) refers to ffixu.o(x$fpl$ffixu) for __aeabi_f2uiz
    test.o(.text) refers to test.o(.data) for DataNum
    test.o(.text) refers to test.o(.bss) for file
    test.o(.text) refers to ahrs.o(.data) for longitude
    test.o(.text) refers to gprs.o(.data) for q
    test.o(.text) refers to ili93xx.o(.data) for POINT_COLOR
    test.o(.text) refers to dleqf.o(x$fpl$dleqf) for __aeabi_cdcmple
    test.o(.text) refers to faddsub_clz.o(x$fpl$frsb) for __aeabi_frsub
    test.o(.text) refers to gprs.o(.text) for array_copy
    test.o(.text) refers to __2sprintf.o(.text) for __2sprintf
    test.o(.text) refers to timer.o(.data) for Frequence
    test.o(.text) refers to sys.o(.text) for Stm32_Clock_Init
    test.o(.text) refers to usart.o(.text) for uart_init
    test.o(.text) refers to usart2.o(.text) for USART2_Init
    test.o(.text) refers to exti.o(.text) for EXTIX_Init
    test.o(.text) refers to led.o(.text) for LED_Init
    test.o(.text) refers to timer.o(.text) for Timerx_Init
    test.o(.text) refers to adc.o(.text) for Adc_Init
    test.o(.bss) refers (Special) to _printf_d.o(.ARM.Collect$$_printf_percent$$00000009) for _printf_d
    test.o(.bss) refers (Special) to _printf_f.o(.ARM.Collect$$_printf_percent$$00000003) for _printf_f
    test.o(.bss) refers (Special) to printf1.o(x$fpl$printf1) for _printf_fp_dec
    test.o(.bss) refers (Special) to _printf_dec.o(.text) for _printf_int_dec
    test.o(.bss) refers (Special) to _printf_percent.o(.ARM.Collect$$_printf_percent$$00000000) for _printf_percent
    test.o(.bss) refers (Special) to _printf_pad.o(.text) for _printf_pre_padding
    test.o(.data) refers (Special) to _printf_d.o(.ARM.Collect$$_printf_percent$$00000009) for _printf_d
    test.o(.data) refers (Special) to _printf_f.o(.ARM.Collect$$_printf_percent$$00000003) for _printf_f
    test.o(.data) refers (Special) to printf1.o(x$fpl$printf1) for _printf_fp_dec
    test.o(.data) refers (Special) to _printf_dec.o(.text) for _printf_int_dec
    test.o(.data) refers (Special) to _printf_percent.o(.ARM.Collect$$_printf_percent$$00000000) for _printf_percent
    test.o(.data) refers (Special) to _printf_pad.o(.text) for _printf_pre_padding
    delay.o(.text) refers to delay.o(.data) for .data
    sys.o(.text) refers to sys.o(.emb_text) for WFI_SET
    usart.o(.text) refers (Special) to use_no_semi_2.o(.text) for __use_no_semihosting
    usart.o(.text) refers to fflt_clz.o(x$fpl$ffltu) for __aeabi_ui2f
    usart.o(.text) refers to fdiv.o(x$fpl$fdiv) for __aeabi_fdiv
    usart.o(.text) refers to ffixu.o(x$fpl$ffixu) for __aeabi_f2uiz
    usart.o(.text) refers to faddsub_clz.o(x$fpl$frsb) for __aeabi_frsub
    usart.o(.text) refers to fmul.o(x$fpl$fmul) for __aeabi_fmul
    usart.o(.text) refers to sys.o(.text) for MY_NVIC_Init
[...]
    .constdata                               0x0800d1d4   Section       40  gprs.o(.constdata)
    .constdata                               0x0800d1fc   Section      128  ff.o(.constdata)
    excvt                                    0x0800d1fc   Data         128  ff.o(.constdata)
    .constdata                               0x0800d27c   Section       40  _printf_hex_int_ll_ptr.o(.constdata)
    uc_hextab                                0x0800d27c   Data          20  _printf_hex_int_ll_ptr.o(.constdata)
    lc_hextab                                0x0800d290   Data          20  _printf_hex_int_ll_ptr.o(.constdata)
    .constdata                               0x0800d2a4   Section       17  __printf_flags_ss_wp.o(.constdata)
    maptable                                 0x0800d2a4   Data          17  __printf_flags_ss_wp.o(.constdata)
    .constdata                               0x0800d2b8   Section        8  _printf_wctomb.o(.constdata)
    initial_mbstate                          0x0800d2b8   Data           8  _printf_wctomb.o(.constdata)
    .constdata                               0x0800d2c0   Section      148  bigflt0.o(.constdata)
    tenpwrs_x                                0x0800d2c0   Data          60  bigflt0.o(.constdata)
    tenpwrs_i                                0x0800d2fc   Data          64  bigflt0.o(.constdata)
    .conststring                             0x0800d354   Section       23  usmart.o(.conststring)
    .conststring                             0x0800d36b   Section      154  usmart_config.o(.conststring)
    locale$$data                             0x0800d428   Section       28  lc_numeric_c.o(locale$$data)
    __lcnum_c_name                           0x0800d42c   Data           2  lc_numeric_c.o(locale$$data)
    __lcnum_c_start                          0x0800d434   Data           0  lc_numeric_c.o(locale$$data)
    __lcnum_c_point                          0x0800d440   Data           0  lc_numeric_c.o(locale$$data)
    __lcnum_c_thousands                      0x0800d442   Data           0  lc_numeric_c.o(locale$$data)
    __lcnum_c_grouping                       0x0800d443   Data           0  lc_numeric_c.o(locale$$data)
    locale$$data                             0x0800d444   Section      272  lc_ctype_c.o(locale$$data)
    __lcnum_c_end                            0x0800d444   Data           0  lc_numeric_c.o(locale$$data)
    __lcctype_c_name                         0x0800d448   Data           2  lc_ctype_c.o(locale$$data)
    __lcctype_c_start                        0x0800d450   Data           0  lc_ctype_c.o(locale$$data)
    __lcctype_c_end                          0x0800d554   Data           0  lc_ctype_c.o(locale$$data)
    .data                                    0x20000000   Section      292  test.o(.data)
    .data                                    0x20000124   Section        4  delay.o(.data)
    fac_us                                   0x20000124   Data           1  delay.o(.data)
    fac_ms                                   0x20000126   Data           2  delay.o(.data)
    .data                                    0x20000128   Section        8  usart.o(.data)
    .data                                    0x20000130   Section        2  exti.o(.data)
    .data                                    0x20000132   Section        1  wdg.o(.data)
    .data                                    0x20000134   Section       12  timer.o(.data)
    .data                                    0x20000140   Section        4  ili93xx.o(.data)
    .data                                    0x20000144   Section       12  usart2.o(.data)
    .data                                    0x20000150   Section       64  ahrs.o(.data)
    .data                                    0x20000190   Section        1  mmc_sd.o(.data)
    .data                                    0x20000192   Section       22  gprs.o(.data)
    .data                                    0x200001a8   Section       10  usart3.o(.data)
    .data                                    0x200001b4   Section       24  usmart.o(.data)
    .data                                    0x200001cc   Section      284  usmart_config.o(.data)
    .data                                    0x200002e8   Section        7  ff.o(.data)
    FatFs                                    0x200002e8   Data           4  ff.o(.data)
    Fsid                                     0x200002ec   Data           2  ff.o(.data)
    CurrVol                                  0x200002ee   Data           1  ff.o(.data)
    .bss                                     0x200002f0   Section     1320  test.o(.bss)
    .bss                                     0x20000818   Section      200  usart.o(.bss)
    .bss                                     0x200008e0   Section       10  ili93xx.o(.bss)
    .bss                                     0x200008f0   Section     1600  usart2.o(.bss)
    .bss                                     0x20000f30   Section      100  ahrs.o(.bss)
    .bss                                     0x20000f94   Section       30  gprs.o(.bss)
    .bss                                     0x20000fb2   Section       44  adc.o(.bss)
    .bss                                     0x20000fe0   Section      228  usart3.o(.bss)
    .bss                                     0x200010c4   Section       96  libspace.o(.bss)
    HEAP                                     0x20001128   Section        0  stm32f10x.o(HEAP)
    STACK                                    0x20001128   Section      512  stm32f10x.o(STACK)
    Heap_Mem                                 0x20001128   Data           0  stm32f10x.o(HEAP)
    Stack_Mem                                0x20001128   Data         512  stm32f10x.o(STACK)
    __initial_sp                             0x20001328   Data           0  stm32f10x.o(STACK)

    Global Symbols

    Symbol Name                              Value     Ov Type        Size  Object(Section)

    BuildAttributes$$THM_ISAv4$P$D$K$B$S$PE$A:L22UL41UL21$X:L11$S22US41US21$IEEE1$IW$USESV6$~STKCKD$USESV7$~SHL$OSPACE$ROPI$IEEEJ$EBA8$UX$STANDARDLIB$REQ8$PRES8$EABIv2 0x00000000   Number         0  anon$$obj.o ABSOLUTE
    __ARM_use_no_argv                        0x00000000   Number         0  test.o ABSOLUTE
    _printf_flags                            0x00000000   Number         0  printf_stubs.o ABSOLUTE
    _printf_return_value                     0x00000000   Number         0  printf_stubs.o ABSOLUTE
    _printf_sizespec                         0x00000000   Number         0  printf_stubs.o ABSOLUTE
    _printf_widthprec                        0x00000000   Number         0  printf_stubs.o ABSOLUTE
    __ARM_exceptions_init                     - Undefined Weak Reference
    __alloca_initialize                       - Undefined Weak Reference
    __cpp_initialize__aeabi_                  - Undefined Weak Reference
    __cxa_finalize                            - Undefined Weak Reference
    __fpl_infinity                            - Undefined Weak Reference
    __sigvec_lookup                           - Undefined Weak Reference
    _atexit_init                              - Undefined Weak Reference
    _call_atexit_fns                          - Undefined Weak Reference
    _clock_init                               - Undefined Weak Reference
    _fp_trap_init                             - Undefined Weak Reference
    _fp_trap_shutdown                         - Undefined Weak Reference
    _get_lc_collate                           - Undefined Weak Reference
    _get_lc_monetary                          - Undefined Weak Reference
    _get_lc_time                              - Undefined Weak Reference
    _getenv_init                              - Undefined Weak Reference
    _handle_redirection                       - Undefined Weak Reference
    _init_alloc                               - Undefined Weak Reference
    _init_user_alloc                          - Undefined Weak Reference
    _initio                                   - Undefined Weak Reference
    _mutex_acquire                            - Undefined Weak Reference
    _mutex_release                            - Undefined Weak Reference
    _printf_fp_hex                            - Undefined Weak Reference
    _printf_mbtowc                            - Undefined Weak Reference
    _printf_wc                                - Undefined Weak Reference
    _rand_init                                - Undefined Weak Reference
    _signal_finish                            - Undefined Weak Reference
    _signal_init                              - Undefined Weak Reference
    _terminate_alloc                          - Undefined Weak Reference
    _terminate_user_alloc                     - Undefined Weak Reference
    _terminateio                              - Undefined Weak Reference
    __Vectors                                0x08000000   Data           4  stm32f10x.o(RESET)
    __main                                   0x080000ed   Thumb Code     8  __main.o(!!!main)
    __scatterload                            0x080000f5   Thumb Code     0  __scatter.o(!!!scatter)
    __scatterload_rt2                        0x080000f5   Thumb Code    44  __scatter.o(!!!scatter)
    __scatterload_rt2_thumb_only             0x080000f5   Thumb Code     0  __scatter.o(!!!scatter)
    __scatterload_null                       0x08000103   Thumb Code     0  __scatter.o(!!!scatter)
    __decompress                             0x08000129   Thumb Code    90  __dczerorl2.o(!!dczerorl2)
    __decompress1                            0x08000129   Thumb Code     0  __dczerorl2.o(!!dczerorl2)
    __scatterload_zeroinit                   0x08000185   Thumb Code    28  __scatter_zi.o(!!handler_zi)
    _printf_n                                0x080001a1   Thumb Code     0  _printf_n.o(.ARM.Collect$$_printf_percent$$00000001)
    _printf_percent                          0x080001a1   Thumb Code     0  _printf_percent.o(.ARM.Collect$$_printf_percent$$00000000)
    _printf_p                                0x080001a7   Thumb Code     0  _printf_p.o(.ARM.Collect$$_printf_percent$$00000002)
    _printf_f                                0x080001ad   Thumb Code     0  _printf_f.o(.ARM.Collect$$_printf_percent$$00000003)
    _printf_e                                0x080001b3   Thumb Code     0  _printf_e.o(.ARM.Collect$$_printf_percent$$00000004)
    _printf_g                                0x080001b9   Thumb Code     0  _printf_g.o(.ARM.Collect$$_printf_percent$$00000005)
    _printf_a                                0x080001bf   Thumb Code     0  _printf_a.o(.ARM.Collect$$_printf_percent$$00000006)
    _printf_ll                               0x080001c5   Thumb Code     0  _printf_ll.o(.ARM.Collect$$_printf_percent$$00000007)
    _printf_i                                0x080001cf   Thumb Code     0  _printf_i.o(.ARM.Collect$$_printf_percent$$00000008)
    _printf_d                                0x080001d5   Thumb Code     0  _printf_d.o(.ARM.Collect$$_printf_percent$$00000009)
    _printf_u                                0x080001db   Thumb Code     0  _printf_u.o(.ARM.Collect$$_printf_percent$$0000000A)
    _printf_o                                0x080001e1   Thumb Code     0  _printf_o.o(.ARM.Collect$$_printf_percent$$0000000B)
    _printf_x                                0x080001e7   Thumb Code     0  _printf_x.o(.ARM.Collect$$_printf_percent$$0000000C)
    _printf_lli                              0x080001ed   Thumb Code     0  _printf_lli.o(.ARM.Collect$$_printf_percent$$0000000D)
    _printf_lld                              0x080001f3   Thumb Code     0  _printf_lld.o(.ARM.Collect$$_printf_percent$$0000000E)
    _printf_llu                              0x080001f9   Thumb Code     0  _printf_llu.o(.ARM.Collect$$_printf_percent$$0000000F)
    _printf_llo                              0x080001ff   Thumb Code     0  _printf_llo.o(.ARM.Collect$$_printf_percent$$00000010)
    _printf_llx                              0x08000205   Thumb Code     0  _printf_llx.o(.ARM.Collect$$_printf_percent$$00000011)
    _printf_l                                0x0800020b   Thumb Code     0  _printf_l.o(.ARM.Collect$$_printf_percent$$00000012)
    _printf_c                                0x08000215   Thumb Code     0  _printf_c.o(.ARM.Collect$$_printf_percent$$00000013)
    _printf_s                                0x0800021b   Thumb Code     0  _printf_s.o(.ARM.Collect$$_printf_percent$$00000014)
    _printf_lc                               0x08000221   Thumb Code     0  _printf_lc.o(.ARM.Collect$$_printf_percent$$00000015)
    _printf_ls                               0x08000227   Thumb Code     0  _printf_ls.o(.ARM.Collect$$_printf_percent$$00000016)
    _printf_percent_end                      0x0800022d   Thumb Code     0  _printf_percent_end.o(.ARM.Collect$$_printf_percent$$00000017)
    __rt_lib_init                            0x08000231   Thumb Code     0  libinit.o(.ARM.Collect$$libinit$$00000000)
    __rt_lib_init_heap_1                     0x08000237   Thumb Code     0  libinit2.o(.ARM.Collect$$libinit$$00000006)
    __rt_lib_init_lc_common                  0x08000237   Thumb Code     0  libinit2.o(.ARM.Collect$$libinit$$0000000B)
    __rt_lib_init_rand_1                     0x08000237   Thumb Code     0  libinit2.o(.ARM.Collect$$libinit$$0000000A)
    __rt_lib_init_user_alloc_1               0x08000237   Thumb Code     0  libinit2.o(.ARM.Collect$$libinit$$00000008)
    __rt_lib_init_lc_collate_1               0x0800023d   Thumb Code     0  libinit2.o(.ARM.Collect$$libinit$$0000000D)
    __rt_lib_init_lc_ctype_2                 0x0800023d   Thumb Code     0  libinit2.o(.ARM.Collect$$libinit$$0000000E)
    __rt_lib_init_lc_ctype_1                 0x08000249   Thumb Code     0  libinit2.o(.ARM.Collect$$libinit$$0000000F)
    __rt_lib_init_lc_monetary_1              0x08000249   Thumb Code     0  libinit2.o(.ARM.Collect$$libinit$$00000011)
    __rt_lib_init_lc_numeric_2               0x08000249   Thumb Code     0  libinit2.o(.ARM.Collect$$libinit$$00000012)
    __rt_lib_init_alloca_1                   0x08000253   Thumb Code     0  libinit2.o(.ARM.Collect$$libinit$$0000002A)
    __rt_lib_init_argv_1                     0x08000253   Thumb Code     0  libinit2.o(.ARM.Collect$$libinit$$00000028)
    __rt_lib_init_atexit_1                   0x08000253   Thumb Code     0  libinit2.o(.ARM.Collect$$libinit$$00000017)
    __rt_lib_init_clock_1                    0x08000253   Thumb Code     0  libinit2.o(.ARM.Collect$$libinit$$0000001D)
    __rt_lib_init_cpp_1                      0x08000253   Thumb Code     0  libinit2.o(.ARM.Collect$$libinit$$0000002E)
    __rt_lib_init_exceptions_1               0x08000253   Thumb Code     0  libinit2.o(.ARM.Collect$$libinit$$0000002C)
    __rt_lib_init_fp_trap_1                  0x08000253   Thumb Code     0  libinit2.o(.ARM.Collect$$libinit$$0000001B)
    __rt_lib_init_getenv_1                   0x08000253   Thumb Code     0  libinit2.o(.ARM.Collect$$libinit$$0000001F)
    __rt_lib_init_lc_numeric_1               0x08000253   Thumb Code     0  libinit2.o(.ARM.Collect$$libinit$$00000013)
    __rt_lib_init_lc_time_1                  0x08000253   Thumb Code     0  libinit2.o(.ARM.Collect$$libinit$$00000015)
    __rt_lib_init_return                     0x08000253   Thumb Code     0  libinit2.o(.ARM.Collect$$libinit$$0000002F)
    __rt_lib_init_signal_1                   0x08000253   Thumb Code     0  libinit2.o(.ARM.Collect$$libinit$$00000019)
    __rt_lib_init_stdio_1                    0x08000253   Thumb Code     0  libinit2.o(.ARM.Collect$$libinit$$00000021)
    __rt_lib_shutdown                        0x08000255   Thumb Code     0  libshutdown.o(.ARM.Collect$$libshutdown$$00000000)
    __rt_lib_shutdown_fp_trap_1              0x08000257   Thumb Code     0  libshutdown2.o(.ARM.Collect$$libshutdown$$00000006)
    __rt_lib_shutdown_heap_1                 0x08000257   Thumb Code     0  libshutdown2.o(.ARM.Collect$$libshutdown$$0000000E)
    __rt_lib_shutdown_return                 0x08000257   Thumb Code     0  libshutdown2.o(.ARM.Collect$$libshutdown$$0000000F)
    __rt_lib_shutdown_signal_1               0x08000257   Thumb Code     0  libshutdown2.o(.ARM.Collect$$libshutdown$$00000009)
    __rt_lib_shutdown_stdio_1                0x08000257   Thumb Code     0  libshutdown2.o(.ARM.Collect$$libshutdown$$00000003)
    __rt_lib_shutdown_user_alloc_1           0x08000257   Thumb Code     0  libshutdown2.o(.ARM.Collect$$libshutdown$$0000000B)
    __rt_entry                               0x08000259   Thumb Code     0  rtentry.o(.ARM.Collect$$rtentry$$00000000)
    __rt_entry_presh_1                       0x08000259   Thumb Code     0  rtentry2.o(.ARM.Collect$$rtentry$$00000002)
    __rt_entry_sh                            0x08000259   Thumb Code     0  rtentry4.o(.ARM.Collect$$rtentry$$00000004)
    __rt_entry_li                            0x0800025f   Thumb Code     0  rtentry2.o(.ARM.Collect$$rtentry$$0000000A)
    __rt_entry_postsh_1                      0x0800025f   Thumb Code     0  rtentry2.o(.ARM.Collect$$rtentry$$00000009)
    __rt_entry_main                          0x08000263   Thumb Code     0  rtentry2.o(.ARM.Collect$$rtentry$$0000000D)
    __rt_entry_postli_1                      0x08000263   Thumb Code     0  rtentry2.o(.ARM.Collect$$rtentry$$0000000C)
    __rt_exit                                0x0800026b   Thumb Code     0  rtexit.o(.ARM.Collect$$rtexit$$00000000)
    __rt_exit_ls                             0x0800026b   Thumb Code     0  rtexit2.o(.ARM.Collect$$rtexit$$00000003)
    __rt_exit_prels_1                        0x0800026b   Thumb Code     0  rtexit2.o(.ARM.Collect$$rtexit$$00000002)
    __rt_exit_exit                           0x0800026f   Thumb Code     0  rtexit2.o(.ARM.Collect$$rtexit$$00000004)
    WFI_SET                                  0x08000275   Thumb Code     2  sys.o(.emb_text)
    Reset_Handler                            0x08000279   Thumb Code     4  stm32f10x.o(.text)
    NMI_Handler                              0x0800027d   Thumb Code     2  stm32f10x.o(.text)
    HardFault_Handler                        0x0800027f   Thumb Code     2  stm32f10x.o(.text)
    MemManage_Handler                        0x08000281   Thumb Code     2  stm32f10x.o(.text)
    BusFault_Handler                         0x08000283   Thumb Code     2  stm32f10x.o(.text)
    UsageFault_Handler                       0x08000285   Thumb Code     2  stm32f10x.o(.text)
    SVC_Handler                              0x08000287   Thumb Code     2  stm32f10x.o(.text)
    DebugMon_Handler                         0x08000289   Thumb Code     2  stm32f10x.o(.text)
    PendSV_Handler                           0x0800028b   Thumb Code     2  stm32f10x.o(.text)
    SysTick_Handler                          0x0800028d   Thumb Code     2  stm32f10x.o(.text)
    ADC_IRQHandler                           0x0800028f   Thumb Code     0  stm32f10x.o(.text)
    CAN_RX1_IRQHandler                       0x0800028f   Thumb Code     0  stm32f10x.o(.text)
    CAN_SCE_IRQHandler                       0x0800028f   Thumb Code     0  stm32f10x.o(.text)
    DMAChannel1_IRQHandler                   0x0800028f   Thumb Code     0  stm32f10x.o(.text)
    DMAChannel2_IRQHandler                   0x0800028f   Thumb Code     0  stm32f10x.o(.text)
    DMAChannel3_IRQHandler                   0x0800028f   Thumb Code     0  stm32f10x.o(.text)
    DMAChannel4_IRQHandler                   0x0800028f   Thumb Code     0  stm32f10x.o(.text)
    DMAChannel5_IRQHandler                   0x0800028f   Thumb Code     0  stm32f10x.o(.text)
    DMAChannel6_IRQHandler                   0x0800028f   Thumb Code     0  stm32f10x.o(.text)
    DMAChannel7_IRQHandler                   0x0800028f   Thumb Code     0  stm32f10x.o(.text)
    EXTI0_IRQHandler                         0x0800028f   Thumb Code     0  stm32f10x.o(.text)
    EXTI1_IRQHandler                         0x0800028f   Thumb Code     0  stm32f10x.o(.text)
    EXTI2_IRQHandler                         0x0800028f   Thumb Code     0  stm32f10x.o(.text)
    EXTI3_IRQHandler                         0x0800028f   Thumb Code     0  stm32f10x.o(.text)
    EXTI4_IRQHandler                         0x0800028f   Thumb Code     0  stm32f10x.o(.text)
    EXTI9_5_IRQHandler                       0x0800028f   Thumb Code     0  stm32f10x.o(.text)
    FLASH_IRQHandler                         0x0800028f   Thumb Code     0  stm32f10x.o(.text)
    I2C1_ER_IRQHandler                       0x0800028f   Thumb Code     0  stm32f10x.o(.text)
    I2C1_EV_IRQHandler                       0x0800028f   Thumb Code     0  stm32f10x.o(.text)
    I2C2_ER_IRQHandler                       0x0800028f   Thumb Code     0  stm32f10x.o(.text)
    I2C2_EV_IRQHandler                       0x0800028f   Thumb Code     0  stm32f10x.o(.text)
    PVD_IRQHandler                           0x0800028f   Thumb Code     0  stm32f10x.o(.text)
    RCC_IRQHandler                           0x0800028f   Thumb Code     0  stm32f10x.o(.text)
    RTCAlarm_IRQHandler                      0x0800028f   Thumb Code     0  stm32f10x.o(.text)
    RTC_IRQHandler                           0x0800028f   Thumb Code     0  stm32f10x.o(.text)
    SPI1_IRQHandler                          0x0800028f   Thumb Code     0  stm32f10x.o(.text)
    SPI2_IRQHandler                          0x0800028f   Thumb Code     0  stm32f10x.o(.text)
    TAMPER_IRQHandler                        0x0800028f   Thumb Code     0  stm32f10x.o(.text)
    TIM1_BRK_IRQHandler                      0x0800028f   Thumb Code     0  stm32f10x.o(.text)
    TIM1_CC_IRQHandler                       0x0800028f   Thumb Code     0  stm32f10x.o(.text)
    TIM1_TRG_COM_IRQHandler                  0x0800028f   Thumb Code     0  stm32f10x.o(.text)
    TIM1_UP_IRQHandler                       0x0800028f   Thumb Code     0  stm32f10x.o(.text)
    TIM4_IRQHandler                          0x0800028f   Thumb Code     0  stm32f10x.o(.text)
    USBWakeUp_IRQHandler                     0x0800028f   Thumb Code     0  stm32f10x.o(.text)
    USB_HP_CAN_TX_IRQHandler                 0x0800028f   Thumb Code     0  stm32f10x.o(.text)
    USB_LP_CAN_RX0_IRQHandler                0x0800028f   Thumb Code     0  stm32f10x.o(.text)
    __user_initial_stackheap                 0x08000291   Thumb Code     0  stm32f10x.o(.text)
    WriteSd                                  0x080002ad   Thumb Code   396  test.o(.text)
    InitSd                                   0x08000439   Thumb Code   212  test.o(.text)
    ReportGprs                               0x0800050d   Thumb Code  1582  test.o(.text)
    LcdDispAll                               0x08000b3b   Thumb Code   586  test.o(.text)
    main                                     0x08000d85   Thumb Code   180  test.o(.text)
    delay_init                               0x08000f61   Thumb Code    46  delay.o(.text)
    delay_ms                                 0x08000f8f   Thumb Code    54  delay.o(.text)
    delay_us                                 0x08000fc5   Thumb Code    52  delay.o(.text)
    MY_NVIC_SetVectorTable                   0x08000ffd   Thumb Code    12  sys.o(.text)
    MY_NVIC_PriorityGroupConfig              0x08001009   Thumb Code    36  sys.o(.text)
    MY_NVIC_Init                             0x0800102d   Thumb Code   148  sys.o(.text)
    Ex_NVIC_Config                           0x080010c1   Thumb Code   148  sys.o(.text)
    MYRCC_DeInit                             0x08001155   Thumb Code    90  sys.o(.text)
    Sys_Standby                              0x080011af   Thumb Code    70  sys.o(.text)
    Sys_Soft_Reset                           0x080011f5   Thumb Code    12  sys.o(.text)
    JTAG_Set                                 0x08001201   Thumb Code    44  sys.o(.text)
    Stm32_Clock_Init                         0x0800122d   Thumb Code   130  sys.o(.text)
    _sys_exit                                0x080012e1   Thumb Code     6  usart.o(.text)
    fputc                                    0x080012e7   Thumb Code    22  usart.o(.text)
    USART1_IRQHandler                        0x080012fd   Thumb Code   188  usart.o(.text)
    uart_init                                0x080013b9   Thumb Code   226  usart.o(.text)
    LED_Init                                 0x080014c1   Thumb Code   110  led.o(.text)
    EXTI15_10_IRQHandler                     0x08001541   Thumb Code    20  exti.o(.text)
    EXTIX_Init                               0x08001555   Thumb Code    86  exti.o(.text)
    IWDG_Init                                0x080015c1   Thumb Code    28  wdg.o(.text)
    IWDG_Feed                                0x080015dd   Thumb Code    10  wdg.o(.text)
    WWDG_Init                                0x080015e7   Thumb Code   124  wdg.o(.text)
    WWDG_Set_Counter                         0x08001663   Thumb Code    20  wdg.o(.text)
    WWDG_IRQHandler                          0x08001677   Thumb Code    60  wdg.o(.text)
    TIM3_IRQHandler                          0x080016d1   Thumb Code   106  timer.o(.text)
    Timerx_Init                              0x0800173b   Thumb Code    86  timer.o(.text)
    PWM_Init                                 0x08001791   Thumb Code   162  timer.o(.text)
    LCD_WR_REG                               0x0800185d   Thumb Code    28  ili93xx.o(.text)
    LCD_RD_DATA                              0x08001879   Thumb Code   104  ili93xx.o(.text)
    LCD_WriteReg                             0x080018e1   Thumb Code    40  ili93xx.o(.text)
    LCD_ReadReg                              0x08001909   Thumb Code    16  ili93xx.o(.text)
    LCD_WriteRAM_Prepare                     0x08001919   Thumb Code    12  ili93xx.o(.text)
    LCD_WriteRAM                             0x08001925   Thumb Code    28  ili93xx.o(.text)
    LCD_BGR2RGB                              0x08001941   Thumb Code    26  ili93xx.o(.text)
    LCD_ReadPoint                            0x0800195b   Thumb Code   344  ili93xx.o(.text)
    LCD_DisplayOn                            0x08001ab3   Thumb Code    46  ili93xx.o(.text)
    LCD_DisplayOff                           0x08001ae1   Thumb Code    44  ili93xx.o(.text)
    LCD_Scan_Dir                             0x08001b0d   Thumb Code   638  ili93xx.o(.text)
    LCD_DrawPoint                            0x08001d8b   Thumb Code    52  ili93xx.o(.text)
    LCD_Display_Dir                          0x08001dbf   Thumb Code   238  ili93xx.o(.text)
    LCD_Clear                                0x08001ead   Thumb Code    64  ili93xx.o(.text)
    LCD_Init                                 0x08001eed   Thumb Code  8472  ili93xx.o(.text)
    LCD_Fill                                 0x08004005   Thumb Code   106  ili93xx.o(.text)
    LCD_DrawLine                             0x0800406f   Thumb Code   200  ili93xx.o(.text)
    LCD_DrawRectangle                        0x08004137   Thumb Code    64  ili93xx.o(.text)
    Draw_Circle                              0x08004177   Thumb Code   200  ili93xx.o(.text)
    LCD_ShowChar                             0x0800423f   Thumb Code   372  ili93xx.o(.text)
    LCD_Pow                                  0x080043b3   Thumb Code    22  ili93xx.o(.text)
    LCD_ShowNum                              0x080043c9   Thumb Code   158  ili93xx.o(.text)
    LCD_ShowxNum                             0x08004467   Thumb Code   200  ili93xx.o(.text)
    LCD_ShowString                           0x0800452f   Thumb Code   104  ili93xx.o(.text)
    USART2_GetCmd                            0x080045ad   Thumb Code   176  usart2.o(.text)
    GetCmd_PC_Compass2                       0x0800465d   Thumb Code    18  usart2.o(.text)
    USART2_Sum_check                         0x0800466f   Thumb Code    52  usart2.o(.text)
    USART2_CommandRoute                      0x080046a3   Thumb Code    44  usart2.o(.text)
    USART2_IRQHandler                        0x080046cf   Thumb Code    50  usart2.o(.text)
    UART_DMA_Config                          0x08004701   Thumb Code    80  usart2.o(.text)
    USART2_Init                              0x08004751   Thumb Code   214  usart2.o(.text)
    UART_DMA_Enable                          0x08004827   Thumb Code    20  usart2.o(.text)
    u2_printf                                0x0800483b   Thumb Code    52  usart2.o(.text)
    Send_Hex                                 0x0800486f   Thumb Code    20  usart2.o(.text)
    Send_ASCII                               0x08004883   Thumb Code    32  usart2.o(.text)
    UART_TXDSTRING                           0x080048a3   Thumb Code    74  usart2.o(.text)
    CLR_Buf0                                 0x080048ed   Thumb Code    28  usart2.o(.text)
    HC05_Init                                0x08004941   Thumb Code   186  hc05.o(.text)
    HC05_Get_Role                            0x080049fb   Thumb Code   126  hc05.o(.text)
    HC05_Set_Cmd                             0x08004a79   Thumb Code   130  hc05.o(.text)
    HC05_CFG_CMD                             0x08004afb   Thumb Code    96  hc05.o(.text)
    SPIx_ReadWriteByte                       0x08004b99   Thumb Code    66  spi.o(.text)
    SPIx_Init                                0x08004bdb   Thumb Code   184  spi.o(.text)
    SPIx_SetSpeed                            0x08004c93   Thumb Code   110  spi.o(.text)
    SD_GetResponse                           0x08004d15   Thumb Code    38  mmc_sd.o(.text)
    SD_WaitDataReady                         0x08004d3b   Thumb Code    98  mmc_sd.o(.text)
    SD_SendCommand                           0x08004d9d   Thumb Code   130  mmc_sd.o(.text)
    SD_SendCommand_NoDeassert                0x08004e1f   Thumb Code   104  mmc_sd.o(.text)
    SD_Idle_Sta                              0x08004e87   Thumb Code    74  mmc_sd.o(.text)
    SD_Init                                  0x08004ed1   Thumb Code   488  mmc_sd.o(.text)
    SD_ReceiveData                           0x080050b9   Thumb Code    84  mmc_sd.o(.text)
    SD_GetCID                                0x0800510d   Thumb Code    36  mmc_sd.o(.text)
    SD_GetCSD                                0x08005131   Thumb Code    36  mmc_sd.o(.text)
    SD_GetCapacity                           0x08005155   Thumb Code   176  mmc_sd.o(.text)
    SD_ReadSingleBlock                       0x08005205   Thumb Code    62  mmc_sd.o(.text)
    MSD_WriteBuffer                          0x08005243   Thumb Code   156  mmc_sd.o(.text)
    MSD_ReadBuffer                           0x080052df   Thumb Code   134  mmc_sd.o(.text)
    SD_WriteSingleBlock                      0x08005365   Thumb Code   184  mmc_sd.o(.text)
    SD_ReadMultiBlock                        0x0800541d   Thumb Code   104  mmc_sd.o(.text)
    SD_WriteMultiBlock                       0x08005485   Thumb Code   214  mmc_sd.o(.text)
    SD_Read_Bytes                            0x0800555b   Thumb Code   166  mmc_sd.o(.text)
    Send_LR                                  0x08005601   Thumb Code    16  gprs.o(.text)
    Hand                                     0x08005611   Thumb Code    22  gprs.o(.text)
    Find_dw_TEXT                             0x08005627   Thumb Code    94  gprs.o(.text)
    Second_AT_Command                        0x08005685   Thumb Code    92  gprs.o(.text)
    Second_AT_Command_ip                     0x080056e1   Thumb Code    92  gprs.o(.text)
    Second_AT_ERROR                          0x0800573d   Thumb Code   100  gprs.o(.text)
    Wait_CREG                                0x080057a1   Thumb Code    80  gprs.o(.text)
    array_copy                               0x080057f1   Thumb Code   420  gprs.o(.text)
    ConnectDNS                               0x08005995   Thumb Code   568  gprs.o(.text)
    SecondDataOnline                         0x08005bcd   Thumb Code   180  gprs.o(.text)
    Find_Str_Pos                             0x08005c81   Thumb Code   156  gprs.o(.text)
    GetCmd_PC_Compass                        0x08005d1d   Thumb Code   134  gprs.o(.text)
    GetCommandFrPC                           0x08005da3   Thumb Code   322  gprs.o(.text)
    CommandFrPC_Sum_check                    0x08005ee5   Thumb Code    42  gprs.o(.text)
    GprsCommand                              0x08005f0f   Thumb Code    80  gprs.o(.text)
    CheckOk                                  0x08005f5f   Thumb Code    56  gprs.o(.text)
    CheckRegS                                0x08005f97   Thumb Code    64  gprs.o(.text)
    CheckGprsAck                             0x08005fd7   Thumb Code    52  gprs.o(.text)
    AdcGetChValue                            0x08006041   Thumb Code    66  adc.o(.text)
    ADC_newValues                            0x08006083   Thumb Code   120  adc.o(.text)
    ADC_getValues                            0x080060fb   Thumb Code    42  adc.o(.text)
    ADC_FIFO_Init                            0x08006125   Thumb Code    32  adc.o(.text)
    Adc_Init                                 0x08006145   Thumb Code   336  adc.o(.text)
    Get_Adc                                  0x08006295   Thumb Code   116  adc.o(.text)
    USART3_IRQHandler                        0x0800632d   Thumb Code   188  usart3.o(.text)
    USART3_Init                              0x080063e9   Thumb Code   192  usart3.o(.text)
    u3_printf                                0x080064a9   Thumb Code     2  usart3.o(.text)
    USART3_Send_ASCII                        0x080064ab   Thumb Code    32  usart3.o(.text)
    UART3_Put_Char                           0x080064cb   Thumb Code    20  usart3.o(.text)
    USART3_Put_String                        0x080064df   Thumb Code    46  usart3.o(.text)
    USART3_Get_Motor                         0x0800650d   Thumb Code    34  usart3.o(.text)
    USART3_Get_Init                          0x0800652f   Thumb Code    40  usart3.o(.text)
    Usart3_Sum_check                         0x08006557   Thumb Code    52  usart3.o(.text)
    USART3_CommandRoute                      0x0800658b   Thumb Code    56  usart3.o(.text)
    UART3_ReportAllData                      0x080065c3   Thumb Code   880  usart3.o(.text)
    UART3_RepWindFanDir                      0x08006933   Thumb Code   130  usart3.o(.text)
    SteerSailAdjust                          0x080069b5   Thumb Code   142  usart3.o(.text)
    InitMotor                                0x08006a43   Thumb Code    28  usart3.o(.text)
    usmart_sys_cmd_exe                       0x08006a89   Thumb Code  1588  usmart.o(.text)
    TIM2_IRQHandler                          0x080070bd   Thumb Code    38  usmart.o(.text)
    Timer2_Init                              0x080070e3   Thumb Code    68  usmart.o(.text)
    usmart_init                              0x08007127   Thumb Code    36  usmart.o(.text)
    usmart_cmd_rec                           0x0800714b   Thumb Code   170  usmart.o(.text)
    usmart_exe                               0x080071f5   Thumb Code   670  usmart.o(.text)
    usmart_scan                              0x08007493   Thumb Code   122  usmart.o(.text)
    read_addr                                0x0800750d   Thumb Code     6  usmart.o(.text)
    write_addr                               0x08007513   Thumb Code     4  usmart.o(.text)
    usmart_strcmp                            0x08007571   Thumb Code    34  usmart_str.o(.text)
    usmart_strcopy                           0x08007593   Thumb Code    22  usmart_str.o(.text)
    usmart_strlen                            0x080075a9   Thumb Code    24  usmart_str.o(.text)
    usmart_pow                               0x080075c1   Thumb Code    22  usmart_str.o(.text)
    usmart_str2num                           0x080075d7   Thumb Code   236  usmart_str.o(.text)
    usmart_get_cmdname                       0x080076c3   Thumb Code    52  usmart_str.o(.text)
    usmart_search_nextc                      0x080076f7   Thumb Code    22  usmart_str.o(.text)
    usmart_get_fname                         0x0800770d   Thumb Code   536  usmart_str.o(.text)
    usmart_get_aparm                         0x08007925   Thumb Code   186  usmart_str.o(.text)
    usmart_get_parmpos                       0x080079df   Thumb Code    26  usmart_str.o(.text)
    usmart_get_fparam                        0x080079f9   Thumb Code   282  usmart_str.o(.text)
    disk_initialize                          0x08007b21   Thumb Code    20  diskio.o(.text)
    disk_status                              0x08007b35   Thumb Code     6  diskio.o(.text)
    disk_read                                0x08007b3b   Thumb Code    54  diskio.o(.text)
    disk_write                               0x08007b71   Thumb Code    52  diskio.o(.text)
    disk_ioctl                               0x08007ba5   Thumb Code    64  diskio.o(.text)
    get_fattime                              0x08007be5   Thumb Code     4  diskio.o(.text)
    clust2sect                               0x08007d8b   Thumb Code    26  ff.o(.text)
    get_fat                                  0x08007da5   Thumb Code   242  ff.o(.text)
    put_fat                                  0x08007e97   Thumb Code   348  ff.o(.text)
    f_mount                                  0x08008b9f   Thumb Code    42  ff.o(.text)
    f_open                                   0x08008bc9   Thumb Code   392  ff.o(.text)
    f_read                                   0x08008d51   Thumb Code   492  ff.o(.text)
    f_write                                  0x08008f3d   Thumb Code   536  ff.o(.text)
    f_sync                                   0x08009155   Thumb Code   182  ff.o(.text)
    f_close                                  0x0800920b   Thumb Code    22  ff.o(.text)
    f_chdrive                                0x08009221   Thumb Code    18  ff.o(.text)
    f_chdir                                  0x08009233   Thumb Code   100  ff.o(.text)
    f_getcwd                                 0x08009297   Thumb Code   332  ff.o(.text)
    f_lseek                                  0x080093e3   Thumb Code   434  ff.o(.text)
    f_opendir                                0x08009595   Thumb Code   110  ff.o(.text)
    f_readdir                                0x08009603   Thumb Code    94  ff.o(.text)
    f_stat                                   0x08009661   Thumb Code    58  ff.o(.text)
    f_getfree                                0x0800969b   Thumb Code   302  ff.o(.text)
    f_truncate                               0x080097c9   Thumb Code   156  ff.o(.text)
    f_unlink                                 0x08009865   Thumb Code   200  ff.o(.text)
    f_mkdir                                  0x0800992d   Thumb Code   432  ff.o(.text)
    f_chmod                                  0x08009add   Thumb Code   102  ff.o(.text)
    f_utime                                  0x08009b43   Thumb Code   102  ff.o(.text)
    f_rename                                 0x08009ba9   Thumb Code   302  ff.o(.text)
    f_gets                                   0x08009cd7   Thumb Code    94  ff.o(.text)
    f_putc                                   0x08009d35   Thumb Code    50  ff.o(.text)
    f_puts                                   0x08009d67   Thumb Code    40  ff.o(.text)
    f_printf                                 0x08009d8f   Thumb Code   726  ff.o(.text)
    __use_no_semihosting                     0x0800a065   Thumb Code     2  use_no_semi_2.o(.text)
    __c89printf                              0x0800a069   Thumb Code    42  c89printf.o(.text)
    __c89vsprintf                            0x0800a09d   Thumb Code    34  c89vsprintf.o(.text)
    __2printf                                0x0800a0c5   Thumb Code    42  __2printf.o(.text)
    __2sprintf                               0x0800a0f9   Thumb Code    38  __2sprintf.o(.text)
    _printf_pre_padding                      0x0800a125   Thumb Code    42  _printf_pad.o(.text)
    _printf_post_padding                     0x0800a14f   Thumb Code    34  _printf_pad.o(.text)
    _printf_str                              0x0800a171   Thumb Code    82  _printf_str.o(.text)
    _printf_int_dec                          0x0800a1c5   Thumb Code    96  _printf_dec.o(.text)
    _printf_longlong_hex                     0x0800a235   Thumb Code   116  _printf_hex_int_ll_ptr.o(.text)
    _printf_int_hex                          0x0800a2a9   Thumb Code    28  _printf_hex_int_ll_ptr.o(.text)
    _printf_ll_hex                           0x0800a2c5   Thumb Code    10  _printf_hex_int_ll_ptr.o(.text)
    _printf_hex_ptr                          0x0800a2cf   Thumb Code    18  _printf_hex_int_ll_ptr.o(.text)
    __printf                                 0x0800a2e5   Thumb Code   410  __printf_flags_ss_wp.o(.text)
    strstr                                   0x0800a485   Thumb Code    36  strstr.o(.text)
    strlen                                   0x0800a4a9   Thumb Code    62  strlen.o(.text)
    __aeabi_memcpy4                          0x0800a4e7   Thumb Code     0  rt_memcpy_w.o(.text)
    __aeabi_memcpy8                          0x0800a4e7   Thumb Code     0  rt_memcpy_w.o(.text)
    __rt_memcpy_w                            0x0800a4e7   Thumb Code   100  rt_memcpy_w.o(.text)
    _memcpy_lastbytes_aligned                0x0800a52f   Thumb Code     0  rt_memcpy_w.o(.text)
    __aeabi_memclr4                          0x0800a54b   Thumb Code     0  rt_memclr_w.o(.text)
    __aeabi_memclr8                          0x0800a54b   Thumb Code     0  rt_memclr_w.o(.text)
    __rt_memclr_w                            0x0800a54b   Thumb Code    78  rt_memclr_w.o(.text)
    _memset_w                                0x0800a54f   Thumb Code     0  rt_memclr_w.o(.text)
    __use_two_region_memory                  0x0800a599   Thumb Code     2  heapauxi.o(.text)
    __rt_heap_escrow$2region                 0x0800a59b   Thumb Code     2  heapauxi.o(.text)
    __rt_heap_expand$2region                 0x0800a59d   Thumb Code     2  heapauxi.o(.text)
    __I$use$semihosting                      0x0800a59f   Thumb Code     0  use_no_semi.o(.text)
    __use_no_semihosting_swi                 0x0800a59f   Thumb Code     2  use_no_semi.o(.text)
    _printf_truncate_signed                  0x0800a5a1   Thumb Code    18  _printf_truncate.o(.text)
    _printf_truncate_unsigned                0x0800a5b3   Thumb Code    18  _printf_truncate.o(.text)
    _printf_int_common                       0x0800a5c5   Thumb Code   174  _printf_intcommon.o(.text)
    _printf_charcount                        0x0800a673   Thumb Code    40  _printf_charcount.o(.text)
    __lib_sel_fp_printf                      0x0800a69b   Thumb Code     2  _printf_fp_dec.o(.text)
    _printf_fp_dec_real                      0x0800a883   Thumb Code   608  _printf_fp_dec.o(.text)
    _printf_char_common                      0x0800aaef   Thumb Code    34  _printf_char_common.o(.text)
    _sputc                                   0x0800ab15   Thumb Code    10  _sputc.o(.text)
    _printf_cs_common                        0x0800ab1f   Thumb Code    20  _printf_char.o(.text)
    _printf_char                             0x0800ab33   Thumb Code    16  _printf_char.o(.text)
    _printf_string                           0x0800ab43   Thumb Code     8  _printf_char.o(.text)
    _printf_wctomb                           0x0800ab4d   Thumb Code   178  _printf_wctomb.o(.text)
    _printf_longlong_dec                     0x0800ac05   Thumb Code   124  _printf_longlong_dec.o(.text)
    _printf_longlong_oct                     0x0800ac91   Thumb Code    94  _printf_oct_int_ll.o(.text)
    _printf_int_oct                          0x0800acef   Thumb Code    24  _printf_oct_int_ll.o(.text)
    _printf_ll_oct                           0x0800ad07   Thumb Code    10  _printf_oct_int_ll.o(.text)
    ferror                                   0x0800ad19   Thumb Code     8  ferror.o(.text)
    __rt_udiv10                              0x0800ad21   Thumb Code    16  rtudiv10.o(.text)
    __rt_locale                              0x0800ad31   Thumb Code    12  rt_locale_intlibspace.o(.text)
    _ll_udiv10                               0x0800ad3d   Thumb Code   138  lludiv10.o(.text)
    _printf_fp_infnan                        0x0800adc9   Thumb Code   108  _printf_fp_infnan.o(.text)
    _printf_lcs_common                       0x0800ae45   Thumb Code    20  _printf_wchar.o(.text)
    _printf_wchar                            0x0800ae59   Thumb Code    16  _printf_wchar.o(.text)
    _printf_wstring                          0x0800ae69   Thumb Code     8  _printf_wchar.o(.text)
    _btod_etento                             0x0800ae71   Thumb Code   202  bigflt0.o(.text)
    _wcrtomb                                 0x0800af41   Thumb Code    64  _wcrtomb.o(.text)
    __user_libspace                          0x0800af81   Thumb Code     8  libspace.o(.text)
    __user_perproc_libspace                  0x0800af81   Thumb Code     0  libspace.o(.text)
    __user_perthread_libspace                0x0800af81   Thumb Code     0  libspace.o(.text)
    __user_setup_stackheap                   0x0800af89   Thumb Code    74  sys_stackheap_outer.o(.text)
    __rt_ctype_table                         0x0800afd5   Thumb Code    16  rt_ctype_table.o(.text)
    exit                                     0x0800afe5   Thumb Code    12  exit.o(.text)
    strcmp                                   0x0800aff1   Thumb Code   128  strcmpv7m.o(.text)
    _btod_d2e                                0x0800b071   Thumb Code    62  btod.o(CL$$btod_d2e)
    _d2e_denorm_low                          0x0800b0af   Thumb Code    70  btod.o(CL$$btod_d2e_denorm_low)
    _d2e_norm_op1                            0x0800b0f5   Thumb Code    96  btod.o(CL$$btod_d2e_norm_op1)
    __btod_div_common                        0x0800b155   Thumb Code   696  btod.o(CL$$btod_div_common)
    _e2e                                     0x0800b48d   Thumb Code   198  btod.o(CL$$btod_e2e)
    _btod_ediv                               0x0800b553   Thumb Code    40  btod.o(CL$$btod_ediv)
    _btod_emul                               0x0800b57b   Thumb Code    40  btod.o(CL$$btod_emul)
    __btod_mult_common                       0x0800b5a3   Thumb Code   580  btod.o(CL$$btod_mult_common)
    LCD_SetCursor                            0x0800b7e9   Thumb Code   202  ili93xx.o(i.LCD_SetCursor)
    __ARM_fpclassify                         0x0800b8c5   Thumb Code    40  fpclassify.o(i.__ARM_fpclassify)
    _get_lc_numeric                          0x0800b8ed   Thumb Code    44  lc_numeric_c.o(locale$$code)
    _get_lc_ctype                            0x0800b919   Thumb Code    44  lc_ctype_c.o(locale$$code)
    __fpl_dcheck_NaN2                        0x0800b945   Thumb Code    10  dcheck.o(x$fpl$dcheck)
    __fpl_dcheck_NaN1                        0x0800b955   Thumb Code    10  dcheck1.o(x$fpl$dcheck1)
    __fpl_dcmp_InfNaN                        0x0800b965   Thumb Code   120  dcmpin.o(x$fpl$dcmpinfnan)
    __fpl_inf_dcmp                           0x0800b987   Thumb Code     0  dcmpin.o(x$fpl$dcmpinfnan)
    __aeabi_ddiv                             0x0800b9dd   Thumb Code     0  ddiv.o(x$fpl$ddiv)
    _ddiv                                    0x0800b9dd   Thumb Code   428  ddiv.o(x$fpl$ddiv)
    __fpl_inf_ddiv                           0x0800bb51   Thumb Code     0  ddiv.o(x$fpl$ddiv)
    _ddiv_mantissas                          0x0800bb89   Thumb Code   324  ddiv.o(x$fpl$ddiv)
    __aeabi_d2uiz                            0x0800bddd   Thumb Code     0  dfixu.o(x$fpl$dfixu)
    _dfixu                                   0x0800bddd   Thumb Code   110  dfixu.o(x$fpl$dfixu)
    __fpl_inf_dfixu                          0x0800be45   Thumb Code     0  dfixu.o(x$fpl$dfixu)
    __aeabi_i2d                              0x0800be51   Thumb Code     0  dflt_clz.o(x$fpl$dflt)
    _dflt                                    0x0800be51   Thumb Code    44  dflt_clz.o(x$fpl$dflt)
    __dflt_normalise                         0x0800be5f   Thumb Code     0  dflt_clz.o(x$fpl$dflt)
    __aeabi_ui2d                             0x0800be7d   Thumb Code     0  dflt_clz.o(x$fpl$dfltu)
    _dfltu                                   0x0800be7d   Thumb Code    10  dflt_clz.o(x$fpl$dfltu)
    __aeabi_cdcmple                          0x0800be89   Thumb Code     0  dleqf.o(x$fpl$dleqf)
    _dcmple                                  0x0800be89   Thumb Code   106  dleqf.o(x$fpl$dleqf)
    __dunder                                 0x0800bef9   Thumb Code   234  dunder.o(x$fpl$dunder)
    __dunder_d                               0x0800bfe3   Thumb Code     2  dunder.o(x$fpl$dunder)
    __aeabi_f2d                              0x0800bfe5   Thumb Code     0  f2d.o(x$fpl$f2d)
    _f2d                                     0x0800bfe5   Thumb Code    76  f2d.o(x$fpl$f2d)
    __fpl_inf_f2d                            0x0800c029   Thumb Code     0  f2d.o(x$fpl$f2d)
    __aeabi_fadd                             0x0800c035   Thumb Code     0  faddsub_clz.o(x$fpl$fadd)
    _fadd                                    0x0800c035   Thumb Code   248  faddsub_clz.o(x$fpl$fadd)
    __fpl_inf_fadd                           0x0800c10f   Thumb Code     0  faddsub_clz.o(x$fpl$fadd)
    __fpl_fcheck_NaN2                        0x0800c135   Thumb Code     6  fcheck.o(x$fpl$fcheck)
    __fpl_fcheck_NaN1                        0x0800c141   Thumb Code     6  fcheck1.o(x$fpl$fcheck1)
    __aeabi_fdiv                             0x0800c14d   Thumb Code     0  fdiv.o(x$fpl$fdiv)
    _fdiv                                    0x0800c14d   Thumb Code   476  fdiv.o(x$fpl$fdiv)
    __fpl_inf_fdiv                           0x0800c2f1   Thumb Code     0  fdiv.o(x$fpl$fdiv)
    __aeabi_f2uiz                            0x0800c331   Thumb Code     0  ffixu.o(x$fpl$ffixu)
    _ffixu                                   0x0800c331   Thumb Code    82  ffixu.o(x$fpl$ffixu)
    __fpl_inf_ffixu                          0x0800c37d   Thumb Code     0  ffixu.o(x$fpl$ffixu)
    __aeabi_i2f                              0x0800c389   Thumb Code     0  fflt_clz.o(x$fpl$fflt)
    _fflt                                    0x0800c389   Thumb Code    50  fflt_clz.o(x$fpl$fflt)
    __fflt_normalise                         0x0800c395   Thumb Code     0  fflt_clz.o(x$fpl$fflt)
    __aeabi_ui2f                             0x0800c3bb   Thumb Code     0  fflt_clz.o(x$fpl$ffltu)
    _ffltu                                   0x0800c3bb   Thumb Code     8  fflt_clz.o(x$fpl$ffltu)
    __aeabi_fmul                             0x0800c3c5   Thumb Code     0  fmul.o(x$fpl$fmul)
    _fmul                                    0x0800c3c5   Thumb Code   258  fmul.o(x$fpl$fmul)
    __fpl_inf_fmul                           0x0800c4b1   Thumb Code     0  fmul.o(x$fpl$fmul)
    __fpl_normalise2                         0x0800c4cd   Thumb Code    74  fnorm2_clz.o(x$fpl$fnorm2)
    __aeabi_frsub                            0x0800c517   Thumb Code     0  faddsub_clz.o(x$fpl$frsb)
    _frsb                                    0x0800c517   Thumb Code    20  faddsub_clz.o(x$fpl$frsb)
    __aeabi_fsub                             0x0800c52d   Thumb Code     0  faddsub_clz.o(x$fpl$fsub)
    _fsub                                    0x0800c52d   Thumb Code   282  faddsub_clz.o(x$fpl$fsub)
    __fpl_inf_fsub                           0x0800c627   Thumb Code     0  faddsub_clz.o(x$fpl$fsub)
    __funder                                 0x0800c651   Thumb Code   132  funder.o(x$fpl$funder)
    __funder_d                               0x0800c6d5   Thumb Code     2  funder.o(x$fpl$funder)
    _printf_fp_dec                           0x0800c6d7   Thumb Code     4  printf1.o(x$fpl$printf1)
    __fpl_return_NaN                         0x0800c6db   Thumb Code   100  retnan.o(x$fpl$retnan)
    __fpl_cmpreturn                          0x0800c73f   Thumb Code    48  trapv.o(x$fpl$trapveneer)
    __I$use$fp                               0x0800c76f   Thumb Code     0  usenofp.o(x$fpl$usenofp)
    asc2_1206                                0x0800c76e   Data        1140  ili93xx.o(.constdata)
    asc2_1608                                0x0800cbe2   Data        1520  ili93xx.o(.constdata)
    Region$$Table$$Base                      0x0800d408   Number         0  anon$$obj.o(Region$$Table)
    Region$$Table$$Limit                     0x0800d428   Number         0  anon$$obj.o(Region$$Table)
    __ctype                                  0x0800d451   Data           0  lc_ctype_c.o(locale$$data)
    DataNum                                  0x20000000   Data           4  test.o(.data)
    sj                                       0x20000004   Data          10  test.o(.data)
    send_data                                0x2000000e   Data         128  test.o(.data)
    all_date                                 0x2000008e   Data         128  test.o(.data)
    res                                      0x2000010e   Data           1  test.o(.data)
    br                                       0x20000110   Data           4  test.o(.data)
    i                                        0x20000114   Data           2  test.o(.data)
    a                                        0x20000116   Data           1  test.o(.data)
    b                                        0x20000117   Data           1  test.o(.data)
    c                                        0x20000118   Data           1  test.o(.data)
    WindDirAdc                               0x2000011a   Data           2  test.o(.data)
    FanDirAdc                                0x2000011c   Data           2  test.o(.data)
    WindDir                                  0x2000011e   Data           2  test.o(.data)
    WindDirDegree                            0x20000120   Data           2  test.o(.data)
    FanPosDegree                             0x20000122   Data           2  test.o(.data)
    USART_RX_STA                             0x20000128   Data           2  usart.o(.data)
    __stdout                                 0x2000012c   Data           4  usart.o(.data)
    FreCount                                 0x20000130   Data           2  exti.o(.data)
    WWDG_CNT                                 0x20000132   Data           1  wdg.o(.data)
    Count_time                               0x20000134   Data           2  timer.o(.data)
    Timer0_Start                             0x20000136   Data           1  timer.o(.data)
    Times                                    0x20000138   Data           2  timer.o(.data)
    shijian                                  0x2000013a   Data           2  timer.o(.data)
    FreTimeFlag                              0x2000013c   Data           2  timer.o(.data)
    Frequence                                0x2000013e   Data           2  timer.o(.data)
    POINT_COLOR                              0x20000140   Data           2  ili93xx.o(.data)
    BACK_COLOR                               0x20000142   Data           2  ili93xx.o(.data)
    USART2_RX_STA                            0x20000144   Data           2  usart2.o(.data)
    UART2Count                               0x20000148   Data           4  usart2.o(.data)
    USART2_rx_wr_index                       0x2000014c   Data           1  usart2.o(.data)
    USART2_RC_Flag                           0x2000014d   Data           1  usart2.o(.data)
    GoalCompsDri2                            0x2000014e   Data           2  usart2.o(.data)
    rx_wr_index                              0x20000150   Data           1  ahrs.o(.data)
    RC_Flag                                  0x20000151   Data           1  ahrs.o(.data)
    yaw                                      0x20000154   Data           4  ahrs.o(.data)
    pitch                                    0x20000158   Data           4  ahrs.o(.data)
    roll                                     0x2000015c   Data           4  ahrs.o(.data)
    alt                                      0x20000160   Data           4  ahrs.o(.data)
    tempr                                    0x20000164   Data           4  ahrs.o(.data)
    press                                    0x20000168   Data           4  ahrs.o(.data)
    ax                                       0x2000016c   Data           2  ahrs.o(.data)
    ay                                       0x2000016e   Data           2  ahrs.o(.data)
    az                                       0x20000170   Data           2  ahrs.o(.data)
    gx                                       0x20000172   Data           2  ahrs.o(.data)
    gy                                       0x20000174   Data           2  ahrs.o(.data)
    gz                                       0x20000176   Data           2  ahrs.o(.data)
    hx                                       0x20000178   Data           2  ahrs.o(.data)
    hy                                       0x2000017a   Data           2  ahrs.o(.data)
    hz                                       0x2000017c   Data           2  ahrs.o(.data)
    longitude                                0x20000180   Data           4  ahrs.o(.data)
    latitude                                 0x20000184   Data           4  ahrs.o(.data)
    svnum                                    0x20000188   Data           1  ahrs.o(.data)
    speed                                    0x2000018c   Data           4  ahrs.o(.data)
    SD_Type                                  0x20000190   Data           1  mmc_sd.o(.data)
    GprsState                                0x20000192   Data           1  gprs.o(.data)
    q                                        0x20000194   Data           2  gprs.o(.data)
    r                                        0x20000196   Data           2  gprs.o(.data)
    runxun_ser1                              0x20000198   Data           1  gprs.o(.data)
    Flag_Buf1_Rec                            0x20000199   Data           1  gprs.o(.data)
    Second_Int                               0x2000019a   Data           2  gprs.o(.data)
    ErrorNum                                 0x2000019c   Data           1  gprs.o(.data)
    Start_weizi                              0x2000019e   Data           2  gprs.o(.data)
    End_weizi                                0x200001a0   Data           2  gprs.o(.data)
    GoalCompsDri                             0x200001a2   Data           2  gprs.o(.data)
    GoalSpeed                                0x200001a4   Data           2  gprs.o(.data)
    GoalSteer                                0x200001a6   Data           2  gprs.o(.data)
    SteerPos                                 0x200001a8   Data           2  usart3.o(.data)
    USART3_rx_wr_index                       0x200001aa   Data           1  usart3.o(.data)
    USART3_RC_Flag                           0x200001ab   Data           1  usart3.o(.data)
    SailPos                                  0x200001ac   Data           2  usart3.o(.data)
    InitFlag                                 0x200001ae   Data           1  usart3.o(.data)
    SailValue                                0x200001b0   Data           2  usart3.o(.data)
    sys_cmd_tab                              0x200001b4   Data          24  usmart.o(.data)
    usmart_nametab                           0x200001cc   Data          48  usmart_config.o(.data)
    usmart_dev                               0x200001fc   Data         236  usmart_config.o(.data)
    fs                                       0x200002f0   Data         564  test.o(.bss)
    file                                     0x20000524   Data         548  test.o(.bss)
    date                                     0x20000748   Data          20  test.o(.bss)
    time                                     0x2000075c   Data          20  test.o(.bss)
    lon                                      0x20000770   Data          20  test.o(.bss)
    lat                                      0x20000784   Data          20  test.o(.bss)
    dtbuf                                    0x20000798   Data         128  test.o(.bss)
    USART_RX_BUF                             0x20000818   Data         200  usart.o(.bss)
    lcddev                                   0x200008e0   Data          10  ili93xx.o(.bss)
    UART2Buffer                              0x200008f0   Data         500  usart2.o(.bss)
    USART2_rx_buffer                         0x20000ae4   Data         100  usart2.o(.bss)
    USART2_TX_BUF                            0x20000b48   Data         200  usart2.o(.bss)
    USART2_RX_BUF                            0x20000c10   Data         800  usart2.o(.bss)
    rx_buffer                                0x20000f30   Data         100  ahrs.o(.bss)
    Public_ip                                0x20000f94   Data          30  gprs.o(.bss)
    ADC_FIFO                                 0x20000fb2   Data          44  adc.o(.bss)
    USART3_rx_buffer                         0x20000fe0   Data         100  usart3.o(.bss)
    tempbuf                                  0x20001044   Data         128  usart3.o(.bss)
    __libspace_start                         0x200010c4   Data          96  libspace.o(.bss)
    __temporary_stack_top$libspace           0x20001124   Data           0  libspace.o(.bss)



==============================================================================

Memory Map of the image

  Image Entry point : 0x080000ed

  Load Region LR_IROM1 (Base: 0x08000000, Size: 0x0000d844, Max: 0x00020000, ABSOLUTE, COMPRESSED[0x0000d5cc])

    Execution Region ER_IROM1 (Base: 0x08000000, Size: 0x0000d554, Max: 0x00020000, ABSOLUTE)

    Base Addr    Size         Type   Attr      Idx    E Section Name        Object

    0x08000000   0x000000ec   Data   RO            3    RESET               stm32f10x.o
    0x080000ec   0x00000008   Code   RO          811  * !!!main             __main.o(c_w.l)
    0x080000f4   0x00000034   Code   RO         1131    !!!scatter          __scatter.o(c_w.l)
    0x08000128   0x0000005a   Code   RO         1129    !!dczerorl2         __dczerorl2.o(c_w.l)
    0x08000182   0x00000002   PAD
    0x08000184   0x0000001c   Code   RO         1133    !!handler_zi        __scatter_zi.o(c_w.l)
    0x080001a0   0x00000000   Code   RO          800    .ARM.Collect$$_printf_percent$$00000000  _printf_percent.o(c_w.l)
    0x080001a0   0x00000006   Code   RO          882    .ARM.Collect$$_printf_percent$$00000001  _printf_n.o(c_w.l)
    0x080001a6   0x00000006   Code   RO          883    .ARM.Collect$$_printf_percent$$00000002  _printf_p.o(c_w.l)
    0x080001ac   0x00000006   Code   RO          799    .ARM.Collect$$_printf_percent$$00000003  _printf_f.o(c_w.l)
    0x080001b2   0x00000006   Code   RO          886    .ARM.Collect$$_printf_percent$$00000004  _printf_e.o(c_w.l)
    0x080001b8   0x00000006   Code   RO          887    .ARM.Collect$$_printf_percent$$00000005  _printf_g.o(c_w.l)
    0x080001be   0x00000006   Code   RO          888    .ARM.Collect$$_printf_percent$$00000006  _printf_a.o(c_w.l)
    0x080001c4   0x0000000a   Code   RO          893    .ARM.Collect$$_printf_percent$$00000007  _printf_ll.o(c_w.l)
    0x080001ce   0x00000006   Code   RO          885    .ARM.Collect$$_printf_percent$$00000008  _printf_i.o(c_w.l)
    0x080001d4   0x00000006   Code   RO          797    .ARM.Collect$$_printf_percent$$00000009  _printf_d.o(c_w.l)
    0x080001da   0x00000006   Code   RO          798    .ARM.Collect$$_printf_percent$$0000000A  _printf_u.o(c_w.l)
    0x080001e0   0x00000006   Code   RO          884    .ARM.Collect$$_printf_percent$$0000000B  _printf_o.o(c_w.l)
    0x080001e6   0x00000006   Code   RO          796    .ARM.Collect$$_printf_percent$$0000000C  _printf_x.o(c_w.l)
    0x080001ec   0x00000006   Code   RO          890    .ARM.Collect$$_printf_percent$$0000000D  _printf_lli.o(c_w.l)
    0x080001f2   0x00000006   Code   RO          891    .ARM.Collect$$_printf_percent$$0000000E  _printf_lld.o(c_w.l)
    0x080001f8   0x00000006   Code   RO          892    .ARM.Collect$$_printf_percent$$0000000F  _printf_llu.o(c_w.l)
    0x080001fe   0x00000006   Code   RO          897    .ARM.Collect$$_printf_percent$$00000010  _printf_llo.o(c_w.l)
    0x08000204   0x00000006   Code   RO          898    .ARM.Collect$$_printf_percent$$00000011  _printf_llx.o(c_w.l)
    0x0800020a   0x0000000a   Code   RO          894    .ARM.Collect$$_printf_percent$$00000012  _printf_l.o(c_w.l)
    0x08000214   0x00000006   Code   RO          794    .ARM.Collect$$_printf_percent$$00000013  _printf_c.o(c_w.l)
    0x0800021a   0x00000006   Code   RO          795    .ARM.Collect$$_printf_percent$$00000014  _printf_s.o(c_w.l)
    0x08000220   0x00000006   Code   RO          895    .ARM.Collect$$_printf_percent$$00000015  _printf_lc.o(c_w.l)
    0x08000226   0x00000006   Code   RO          896    .ARM.Collect$$_printf_percent$$00000016  _printf_ls.o(c_w.l)
    0x0800022c   0x00000004   Code   RO          889    .ARM.Collect$$_printf_percent$$00000017  _printf_percent_end.o(c_w.l)
    0x08000230   0x00000006   Code   RO         1008    .ARM.Collect$$libinit$$00000000  libinit.o(c_w.l)
    0x08000236   0x00000000   Code   RO         1011    .ARM.Collect$$libinit$$00000006  libinit2.o(c_w.l)
    0x08000236   0x00000000   Code   RO         1013    .ARM.Collect$$libinit$$00000008  libinit2.o(c_w.l)
    0x08000236   0x00000000   Code   RO         1015    .ARM.Collect$$libinit$$0000000A  libinit2.o(c_w.l)
    0x08000236   0x00000006   Code   RO         1016    .ARM.Collect$$libinit$$0000000B  libinit2.o(c_w.l)
    0x0800023c   0x00000000   Code   RO         1018    .ARM.Collect$$libinit$$0000000D  libinit2.o(c_w.l)
    0x0800023c   0x0000000c   Code   RO         1019    .ARM.Collect$$libinit$$0000000E  libinit2.o(c_w.l)
    0x08000248   0x00000000   Code   RO         1020    .ARM.Collect$$libinit$$0000000F  libinit2.o(c_w.l)
    0x08000248   0x00000000   Code   RO         1022    .ARM.Collect$$libinit$$00000011  libinit2.o(c_w.l)
    0x08000248   0x0000000a   Code   RO         1023    .ARM.Collect$$libinit$$00000012  libinit2.o(c_w.l)
    0x08000252   0x00000000   Code   RO         1024    .ARM.Collect$$libinit$$00000013  libinit2.o(c_w.l)
    0x08000252   0x00000000   Code   RO         1026    .ARM.Collect$$libinit$$00000015  libinit2.o(c_w.l)
    0x08000252   0x00000000   Code   RO         1028    .ARM.Collect$$libinit$$00000017  libinit2.o(c_w.l)
    0x08000252   0x00000000   Code   RO         1030    .ARM.Collect$$libinit$$00000019  libinit2.o(c_w.l)
    0x08000252   0x00000000   Code   RO         1032    .ARM.Collect$$libinit$$0000001B  libinit2.o(c_w.l)
    0x08000252   0x00000000   Code   RO         1034    .ARM.Collect$$libinit$$0000001D  libinit2.o(c_w.l)
    0x08000252   0x00000000   Code   RO         1036    .ARM.Collect$$libinit$$0000001F  libinit2.o(c_w.l)
    0x08000252   0x00000000   Code   RO         1038    .ARM.Collect$$libinit$$00000021  libinit2.o(c_w.l)
    0x08000252   0x00000000   Code   RO         1042    .ARM.Collect$$libinit$$00000028  libinit2.o(c_w.l)
    0x08000252   0x00000000   Code   RO         1044    .ARM.Collect$$libinit$$0000002A  libinit2.o(c_w.l)
    0x08000252   0x00000000   Code   RO         1046    .ARM.Collect$$libinit$$0000002C  libinit2.o(c_w.l)
    0x08000252   0x00000000   Code   RO         1048    .ARM.Collect$$libinit$$0000002E  libinit2.o(c_w.l)
    0x08000252   0x00000002   Code   RO         1049    .ARM.Collect$$libinit$$0000002F  libinit2.o(c_w.l)
    0x08000254   0x00000002   Code   RO         1081    .ARM.Collect$$libshutdown$$00000000  libshutdown.o(c_w.l)
    0x08000256   0x00000000   Code   RO         1090    .ARM.Collect$$libshutdown$$00000003  libshutdown2.o(c_w.l)
    0x08000256   0x00000000   Code   RO         1093    .ARM.Collect$$libshutdown$$00000006  libshutdown2.o(c_w.l)
    0x08000256   0x00000000   Code   RO         1096    .ARM.Collect$$libshutdown$$00000009  libshutdown2.o(c_w.l)
    0x08000256   0x00000000   Code   RO         1098    .ARM.Collect$$libshutdown$$0000000B  libshutdown2.o(c_w.l)
    0x08000256   0x00000000   Code   RO         1101    .ARM.Collect$$libshutdown$$0000000E  libshutdown2.o(c_w.l)
    0x08000256   0x00000002   Code   RO         1102    .ARM.Collect$$libshutdown$$0000000F  libshutdown2.o(c_w.l)
    0x08000258   0x00000000   Code   RO          855    .ARM.Collect$$rtentry$$00000000  rtentry.o(c_w.l)
    0x08000258   0x00000000   Code   RO          923    .ARM.Collect$$rtentry$$00000002  rtentry2.o(c_w.l)
    0x08000258   0x00000006   Code   RO          938    .ARM.Collect$$rtentry$$00000004  rtentry4.o(c_w.l)
    0x0800025e   0x00000000   Code   RO          925    .ARM.Collect$$rtentry$$00000009  rtentry2.o(c_w.l)
    0x0800025e   0x00000004   Code   RO          926    .ARM.Collect$$rtentry$$0000000A  rtentry2.o(c_w.l)
    0x08000262   0x00000000   Code   RO          928    .ARM.Collect$$rtentry$$0000000C  rtentry2.o(c_w.l)
    0x08000262   0x00000008   Code   RO          929    .ARM.Collect$$rtentry$$0000000D  rtentry2.o(c_w.l)
    0x0800026a   0x00000000   Code   RO         1050    .ARM.Collect$$rtexit$$00000000  rtexit.o(c_w.l)
    0x0800026a   0x00000000   Code   RO         1060    .ARM.Collect$$rtexit$$00000002  rtexit2.o(c_w.l)
    0x0800026a   0x00000004   Code   RO         1061    .ARM.Collect$$rtexit$$00000003  rtexit2.o(c_w.l)
    0x0800026e   0x00000004   Code   RO         1062    .ARM.Collect$$rtexit$$00000004  rtexit2.o(c_w.l)
    0x08000272   0x00000002   PAD
    0x08000274   0x00000002   Code   RO          222    .emb_text           sys.o
    0x08000276   0x00000002   PAD
    0x08000278   0x00000034   Code   RO            4    .text               stm32f10x.o
    0x080002ac   0x00000cb4   Code   RO           10    .text               test.o
    0x08000f60   0x0000009c   Code   RO          208    .text               delay.o
    0x08000ffc   0x000002e4   Code   RO          223    .text               sys.o
    0x080012e0   0x000001e0   Code   RO          238    .text               usart.o
    0x080014c0   0x00000080   Code   RO          265    .text               led.o
    0x08001540   0x00000080   Code   RO          290    .text               exti.o
    0x080015c0   0x00000110   Code   RO          312    .text               wdg.o
    0x080016d0   0x0000018c   Code   RO          327    .text               timer.o
    0x0800185c   0x00002d50   Code   RO          345    .text               ili93xx.o
    0x080045ac   0x00000394   Code   RO          381    .text               usart2.o
    0x08004940   0x00000258   Code   RO          449    .text               hc05.o
    0x08004b98   0x0000017c   Code   RO          461    .text               spi.o
    0x08004d14   0x000008ec   Code   RO          476    .text               mmc_sd.o
    0x08005600   0x00000a40   Code   RO          494    .text               gprs.o
    0x08006040   0x000002ec   Code   RO          524    .text               adc.o
    0x0800632c   0x0000075c   Code   RO          539    .text               usart3.o
    0x08006a88   0x00000ae8   Code   RO          594    .text               usmart.o
    0x08007570   0x000005b0   Code   RO          686    .text               usmart_str.o
    0x08007b20   0x000000c8   Code   RO          698    .text               diskio.o
    0x08007be8   0x0000247c   Code   RO          713    .text               ff.o
    0x0800a064   0x00000002   Code   RO          733    .text               use_no_semi_2.o(c_w.l)
    0x0800a066   0x00000002   PAD
    0x0800a068   0x00000034   Code   RO          735    .text               c89printf.o(c_w.l)
    0x0800a09c   0x00000028   Code   RO          737    .text               c89vsprintf.o(c_w.l)
    0x0800a0c4   0x00000034   Code   RO          739    .text               __2printf.o(c_w.l)
    0x0800a0f8   0x0000002c   Code   RO          741    .text               __2sprintf.o(c_w.l)
    0x0800a124   0x0000004c   Code   RO          749    .text               _printf_pad.o(c_w.l)
    0x0800a170   0x00000052   Code   RO          751    .text               _printf_str.o(c_w.l)
    0x0800a1c2   0x00000002   PAD
    0x0800a1c4   0x00000070   Code   RO          753    .text               _printf_dec.o(c_w.l)
    0x0800a234   0x000000b0   Code   RO          773    .text               _printf_hex_int_ll_ptr.o(c_w.l)
    0x0800a2e4   0x000001a0   Code   RO          791    .text               __printf_flags_ss_wp.o(c_w.l)
    0x0800a484   0x00000024   Code   RO          801    .text               strstr.o(c_w.l)
    0x0800a4a8   0x0000003e   Code   RO          803    .text               strlen.o(c_w.l)
    0x0800a4e6   0x00000064   Code   RO          805    .text               rt_memcpy_w.o(c_w.l)
    0x0800a54a   0x0000004e   Code   RO          807    .text               rt_memclr_w.o(c_w.l)
    0x0800a598   0x00000006   Code   RO          809    .text               heapauxi.o(c_w.l)
    0x0800a59e   0x00000002   Code   RO          853    .text               use_no_semi.o(c_w.l)
    0x0800a5a0   0x00000024   Code   RO          857    .text               _printf_truncate.o(c_w.l)
    0x0800a5c4   0x000000ae   Code   RO          859    .text               _printf_intcommon.o(c_w.l)
    0x0800a672   0x00000028   Code   RO          861    .text               _printf_charcount.o(c_w.l)
    0x0800a69a   0x00000448   Code   RO          863    .text               _printf_fp_dec.o(c_w.l)
    0x0800aae2   0x00000002   PAD
    0x0800aae4   0x00000030   Code   RO          865    .text               _printf_char_common.o(c_w.l)
    0x0800ab14   0x0000000a   Code   RO          867    .text               _sputc.o(c_w.l)
    0x0800ab1e   0x0000002c   Code   RO          869    .text               _printf_char.o(c_w.l)
    0x0800ab4a   0x00000002   PAD
    0x0800ab4c   0x000000b8   Code   RO          871    .text               _printf_wctomb.o(c_w.l)
    0x0800ac04   0x0000008c   Code   RO          874    .text               _printf_longlong_dec.o(c_w.l)
    0x0800ac90   0x00000088   Code   RO          880    .text               _printf_oct_int_ll.o(c_w.l)
    0x0800ad18   0x00000008   Code   RO          899    .text               ferror.o(c_w.l)
    0x0800ad20   0x00000010   Code   RO          903    .text               rtudiv10.o(c_w.l)
    0x0800ad30   0x0000000c   Code   RO          943    .text               rt_locale_intlibspace.o(c_w.l)
    0x0800ad3c   0x0000008a   Code   RO          945    .text               lludiv10.o(c_w.l)
    0x0800adc6   0x00000002   PAD
    0x0800adc8   0x0000007c   Code   RO          947    .text               _printf_fp_infnan.o(c_w.l)
    0x0800ae44   0x0000002c   Code   RO          951    .text               _printf_wchar.o(c_w.l)
    0x0800ae70   0x000000d0   Code   RO          953    .text               bigflt0.o(c_w.l)
    0x0800af40   0x00000040   Code   RO          978    .text               _wcrtomb.o(c_w.l)
    0x0800af80   0x00000008   Code   RO          991    .text               libspace.o(c_w.l)
    0x0800af88   0x0000004a   Code   RO          994    .text               sys_stackheap_outer.o(c_w.l)
    0x0800afd2   0x00000002   PAD
    0x0800afd4   0x00000010   Code   RO          996    .text               rt_ctype_table.o(c_w.l)
    0x0800afe4   0x0000000c   Code   RO          998    .text               exit.o(c_w.l)
    0x0800aff0   0x00000080   Code   RO         1000    .text               strcmpv7m.o(c_w.l)
    0x0800b070   0x0000003e   Code   RO          956    CL$$btod_d2e        btod.o(c_w.l)
    0x0800b0ae   0x00000046   Code   RO          958    CL$$btod_d2e_denorm_low  btod.o(c_w.l)
    0x0800b0f4   0x00000060   Code   RO          957    CL$$btod_d2e_norm_op1  btod.o(c_w.l)
    0x0800b154   0x00000338   Code   RO          966    CL$$btod_div_common  btod.o(c_w.l)
    0x0800b48c   0x000000c6   Code   RO          963    CL$$btod_e2e        btod.o(c_w.l)
    0x0800b552   0x00000028   Code   RO          960    CL$$btod_ediv       btod.o(c_w.l)
    0x0800b57a   0x00000028   Code   RO          959    CL$$btod_emul       btod.o(c_w.l)
    0x0800b5a2   0x00000244   Code   RO          965    CL$$btod_mult_common  btod.o(c_w.l)
    0x0800b7e6   0x00000002   PAD
    0x0800b7e8   0x000000dc   Code   RO          359    i.LCD_SetCursor     ili93xx.o
    0x0800b8c4   0x00000028   Code   RO          989    i.__ARM_fpclassify  fpclassify.o(m_ws.l)
    0x0800b8ec   0x0000002c   Code   RO          981    locale$$code        lc_numeric_c.o(c_w.l)
    0x0800b918   0x0000002c   Code   RO         1053    locale$$code        lc_ctype_c.o(c_w.l)
    0x0800b944   0x00000010   Code   RO          905    x$fpl$dcheck        dcheck.o(fz_ws.l)
    0x0800b954   0x00000010   Code   RO          907    x$fpl$dcheck1       dcheck1.o(fz_ws.l)
    0x0800b964   0x00000078   Code   RO          909    x$fpl$dcmpinfnan    dcmpin.o(fz_ws.l)
    0x0800b9dc   0x00000400   Code   RO          816    x$fpl$ddiv          ddiv.o(fz_ws.l)
    0x0800bddc   0x00000074   Code   RO          819    x$fpl$dfixu         dfixu.o(fz_ws.l)
    0x0800be50   0x0000002c   Code   RO          824    x$fpl$dflt          dflt_clz.o(fz_ws.l)
    0x0800be7c   0x0000000a   Code   RO          823    x$fpl$dfltu         dflt_clz.o(fz_ws.l)
    0x0800be86   0x00000002   PAD
    0x0800be88   0x00000070   Code   RO          827    x$fpl$dleqf         dleqf.o(fz_ws.l)
    0x0800bef8   0x000000ec   Code   RO          911    x$fpl$dunder        dunder.o(fz_ws.l)
    0x0800bfe4   0x00000050   Code   RO          829    x$fpl$f2d           f2d.o(fz_ws.l)
    0x0800c034   0x00000100   Code   RO          831    x$fpl$fadd          faddsub_clz.o(fz_ws.l)
    0x0800c134   0x0000000c   Code   RO          913    x$fpl$fcheck        fcheck.o(fz_ws.l)
    0x0800c140   0x0000000c   Code   RO          915    x$fpl$fcheck1       fcheck1.o(fz_ws.l)
    0x0800c14c   0x000001e4   Code   RO          838    x$fpl$fdiv          fdiv.o(fz_ws.l)
    0x0800c330   0x00000058   Code   RO          841    x$fpl$ffixu         ffixu.o(fz_ws.l)
    0x0800c388   0x00000032   Code   RO          846    x$fpl$fflt          fflt_clz.o(fz_ws.l)
    0x0800c3ba   0x00000008   Code   RO          845    x$fpl$ffltu         fflt_clz.o(fz_ws.l)
    0x0800c3c2   0x00000002   PAD
    0x0800c3c4   0x00000108   Code   RO          849    x$fpl$fmul          fmul.o(fz_ws.l)
    0x0800c4cc   0x0000004a   Code   RO          917    x$fpl$fnorm2        fnorm2_clz.o(fz_ws.l)
    0x0800c516   0x00000014   Code   RO          832    x$fpl$frsb          faddsub_clz.o(fz_ws.l)
    0x0800c52a   0x00000002   PAD
    0x0800c52c   0x00000124   Code   RO          833    x$fpl$fsub          faddsub_clz.o(fz_ws.l)
    0x0800c650   0x00000086   Code   RO          919    x$fpl$funder        funder.o(fz_ws.l)
    0x0800c6d6   0x00000004   Code   RO          851    x$fpl$printf1       printf1.o(fz_ws.l)
    0x0800c6da   0x00000064   Code   RO          985    x$fpl$retnan        retnan.o(fz_ws.l)
    0x0800c73e   0x00000030   Code   RO          987    x$fpl$trapveneer    trapv.o(fz_ws.l)
    0x0800c76e   0x00000000   Code   RO          921    x$fpl$usenofp       usenofp.o(fz_ws.l)
    0x0800c76e   0x00000a64   Data   RO          347    .constdata          ili93xx.o
    0x0800d1d2   0x00000002   PAD
    0x0800d1d4   0x00000028   Data   RO          496    .constdata          gprs.o
    0x0800d1fc   0x00000080   Data   RO          714    .constdata          ff.o
    0x0800d27c   0x00000028   Data   RO          774    .constdata          _printf_hex_int_ll_ptr.o(c_w.l)
    0x0800d2a4   0x00000011   Data   RO          792    .constdata          __printf_flags_ss_wp.o(c_w.l)
    0x0800d2b5   0x00000003   PAD
    0x0800d2b8   0x00000008   Data   RO          872    .constdata          _printf_wctomb.o(c_w.l)
    0x0800d2c0   0x00000094   Data   RO          954    .constdata          bigflt0.o(c_w.l)
    0x0800d354   0x00000017   Data   RO          595    .conststring        usmart.o
    0x0800d36b   0x0000009a   Data   RO          669    .conststring        usmart_config.o
    0x0800d405   0x00000003   PAD
    0x0800d408   0x00000020   Data   RO         1127    Region$$Table       anon$$obj.o
    0x0800d428   0x0000001c   Data   RO          980    locale$$data        lc_numeric_c.o(c_w.l)
    0x0800d444   0x00000110   Data   RO         1052    locale$$data        lc_ctype_c.o(c_w.l)


    Execution Region RW_IRAM1 (Base: 0x20000000, Size: 0x00001328, Max: 0x00005000, ABSOLUTE, COMPRESSED[0x00000078])

    Base Addr    Size         Type   Attr      Idx    E Section Name        Object

    0x20000000   0x00000124   Data   RW           12    .data               test.o
    0x20000124   0x00000004   Data   RW          209    .data               delay.o
    0x20000128   0x00000008   Data   RW          240    .data               usart.o
    0x20000130   0x00000002   Data   RW          291    .data               exti.o
    0x20000132   0x00000001   Data   RW          313    .data               wdg.o
    0x20000133   0x00000001   PAD
    0x20000134   0x0000000c   Data   RW          328    .data               timer.o
    0x20000140   0x00000004   Data   RW          348    .data               ili93xx.o
    0x20000144   0x0000000c   Data   RW          383    .data               usart2.o
    0x20000150   0x00000040   Data   RW          432    .data               ahrs.o
    0x20000190   0x00000001   Data   RW          477    .data               mmc_sd.o
    0x20000191   0x00000001   PAD
    0x20000192   0x00000016   Data   RW          497    .data               gprs.o
    0x200001a8   0x0000000a   Data   RW          541    .data               usart3.o
    0x200001b2   0x00000002   PAD
    0x200001b4   0x00000018   Data   RW          596    .data               usmart.o
    0x200001cc   0x0000011c   Data   RW          670    .data               usmart_config.o
    0x200002e8   0x00000007   Data   RW          715    .data               ff.o
    0x200002ef   0x00000001   PAD
    0x200002f0   0x00000528   Zero   RW           11    .bss                test.o
    0x20000818   0x000000c8   Zero   RW          239    .bss                usart.o
    0x200008e0   0x0000000a   Zero   RW          346    .bss                ili93xx.o
    0x200008ea   0x00000006   PAD
    0x200008f0   0x00000640   Zero   RW          382    .bss                usart2.o
    0x20000f30   0x00000064   Zero   RW          431    .bss                ahrs.o
    0x20000f94   0x0000001e   Zero   RW          495    .bss                gprs.o
    0x20000fb2   0x0000002c   Zero   RW          525    .bss                adc.o
    0x20000fde   0x00000002   PAD
    0x20000fe0   0x000000e4   Zero   RW          540    .bss                usart3.o
    0x200010c4   0x00000060   Zero   RW          992    .bss                libspace.o(c_w.l)
    0x20001124   0x00000004   PAD
    0x20001128   0x00000000   Zero   RW            2    HEAP                stm32f10x.o
    0x20001128   0x00000200   Zero   RW            1    STACK               stm32f10x.o


==============================================================================

Image component sizes


      Code (inc. data)   RO Data    RW Data    ZI Data      Debug   Object Name

       748         36          0          0         44       2502   adc.o
         0          0          0         64        100       1649   ahrs.o
       156          4          0          4          0       1059   delay.o
       200          0          0          0          0       2426   diskio.o
       128         22          0          2          0       1386   exti.o
      9340         50        128          7          0      26513   ff.o
      2624        254         40         22         30       7086   gprs.o
       600         62          0          0          0       2120   hc05.o
     11820        210       2660          4         10      18030   ili93xx.o
       128         18          0          0          0        463   led.o
      2284         34          0          1          0       8100   mmc_sd.o
       380         26          0          0          0        981   spi.o
        52         18        236          0        512        500   stm32f10x.o
       742         50          0          0          0       2755   sys.o
      3252        562          0        292       1320      23831   test.o
       396         42          0         12          0       1441   timer.o
       480         38          0          8        200       3182   usart.o
       916         56          0         12       1600       4672   usart2.o
      1884         90          0         10        228       5918   usart3.o
      2792       1162         23         24          0       4334   usmart.o
         0          0        154        284          0       1652   usmart_config.o
      1456         14          0          0          0       5129   usmart_str.o
       272         30          0          1          0       1536   wdg.o

    ----------------------------------------------------------------------
     40652       2778       3278        752       4052     127265   Object Totals
         0          0         32          0          0          0   (incl. Generated)
         2          0          5          5          8          3   (incl. Padding)

    ----------------------------------------------------------------------

      Code (inc. data)   RO Data    RW Data    ZI Data      Debug   Library Member Name

        52         10          0          0          0         84   __2printf.o
        44          6          0          0          0         80   __2sprintf.o
        90          0          0          0          0          0   __dczerorl2.o
         8          0          0          0          0         68   __main.o
       416          6         17          0          0         88   __printf_flags_ss_wp.o
        52          8          0          0          0          0   __scatter.o
        28          0          0          0          0          0   __scatter_zi.o
         6          0          0          0          0          0   _printf_a.o
         6          0          0          0          0          0   _printf_c.o
        44          0          0          0          0        108   _printf_char.o
        48          4          0          0          0         96   _printf_char_common.o
        40          0          0          0          0         68   _printf_charcount.o
         6          0          0          0          0          0   _printf_d.o
       112         16          0          0          0         92   _printf_dec.o
         6          0          0          0          0          0   _printf_e.o
         6          0          0          0          0          0   _printf_f.o
      1096          0          0          0          0        204   _printf_fp_dec.o
       124         16          0          0          0         84   _printf_fp_infnan.o
         6          0          0          0          0          0   _printf_g.o
       176          4         40          0          0        164   _printf_hex_int_ll_ptr.o
         6          0          0          0          0          0   _printf_i.o
       174          0          0          0          0         88   _printf_intcommon.o
        10          0          0          0          0          0   _printf_l.o
         6          0          0          0          0          0   _printf_lc.o
        10          0          0          0          0          0   _printf_ll.o
         6          0          0          0          0          0   _printf_lld.o
         6          0          0          0          0          0   _printf_lli.o
         6          0          0          0          0          0   _printf_llo.o
         6          0          0          0          0          0   _printf_llu.o
         6          0          0          0          0          0   _printf_llx.o
       140         16          0          0          0         96   _printf_longlong_dec.o
         6          0          0          0          0          0   _printf_ls.o
         6          0          0          0          0          0   _printf_n.o
         6          0          0          0          0          0   _printf_o.o
       136          8          0          0          0        136   _printf_oct_int_ll.o
         6          0          0          0          0          0   _printf_p.o
        76          0          0          0          0        104   _printf_pad.o
         0          0          0          0          0          0   _printf_percent.o
         4          0          0          0          0          0   _printf_percent_end.o
         6          0          0          0          0          0   _printf_s.o
        82          0          0          0          0         80   _printf_str.o
        36          0          0          0          0         84   _printf_truncate.o
         6          0          0          0          0          0   _printf_u.o
        44          0          0          0          0        108   _printf_wchar.o
       184          6          8          0          0         88   _printf_wctomb.o
         6          0          0          0          0          0   _printf_x.o
        10          0          0          0          0         68   _sputc.o
        64          0          0          0          0         88   _wcrtomb.o
       208          6        148          0          0         92   bigflt0.o
      1910        128          0          0          0        660   btod.o
        52         10          0          0          0         84   c89printf.o
        40          6          0          0          0         76   c89vsprintf.o
        16          6          0          0          0         68   dcheck.o
        16          6          0          0          0         68   dcheck1.o
       120          0          0          0          0         84   dcmpin.o
      1024        272          0          0          0        160   ddiv.o
       116          6          0          0          0         72   dfixu.o
        54          0          0          0          0        136   dflt_clz.o
       112          6          0          0          0         68   dleqf.o
       236          0          0          0          0         92   dunder.o
        12          0          0          0          0         68   exit.o
        80          4          0          0          0         68   f2d.o
       568         18          0          0          0        204   faddsub_clz.o
        12          6          0          0          0         68   fcheck.o
        12          6          0          0          0         68   fcheck1.o
       484         76          0          0          0         76   fdiv.o
         8          0          0          0          0         68   ferror.o
        88          6          0          0          0         68   ffixu.o
        58          0          0          0          0        136   fflt_clz.o
       264          6          0          0          0         68   fmul.o
        74          0          0          0          0         84   fnorm2_clz.o
        40          0          0          0          0         68   fpclassify.o
       134          0          0          0          0         84   funder.o
         6          0          0          0          0        148   heapauxi.o
        44         10        272          0          0         76   lc_ctype_c.o
        44         10         28          0          0         76   lc_numeric_c.o
         6          0          0          0          0          0   libinit.o
        30          0          0          0          0          0   libinit2.o
         2          0          0          0          0          0   libshutdown.o
         2          0          0          0          0          0   libshutdown2.o
         8          4          0          0         96         68   libspace.o
       138          0          0          0          0         76   lludiv10.o
         4          0          0          0          0         68   printf1.o
       100          0          0          0          0         68   retnan.o
        16          6          0          0          0         76   rt_ctype_table.o
        12          6          0          0          0         68   rt_locale_intlibspace.o
        78          0          0          0          0         76   rt_memclr_w.o
       100          0          0          0          0         80   rt_memcpy_w.o
         0          0          0          0          0          0   rtentry.o
        12          0          0          0          0          0   rtentry2.o
         6          0          0          0          0          0   rtentry4.o
         0          0          0          0          0          0   rtexit.o
         8          0          0          0          0          0   rtexit2.o
        16          0          0          0          0         68   rtudiv10.o
       128          2          0          0          0         68   strcmpv7m.o
        62          0          0          0          0         76   strlen.o
        36          0          0          0          0         76   strstr.o
        74          0          0          0          0         80   sys_stackheap_outer.o
        48          0          0          0          0         68   trapv.o
         2          0          0          0          0         68   use_no_semi.o
         2          0          0          0          0         68   use_no_semi_2.o
         0          0          0          0          0          0   usenofp.o

    ----------------------------------------------------------------------
     10166        706        516          0        100       6316   Library Totals
        24          0          3          0          4          0   (incl. Padding)

    ----------------------------------------------------------------------

      Code (inc. data)   RO Data    RW Data    ZI Data      Debug   Library Name

      6482        288        513          0         96       4372   c_w.l
      3620        418          0          0          0       1876   fz_ws.l
        40          0          0          0          0         68   m_ws.l

    ----------------------------------------------------------------------
     10166        706        516          0        100       6316   Library Totals

    ----------------------------------------------------------------------

==============================================================================


      Code (inc. data)   RO Data    RW Data    ZI Data      Debug   

     50818       3484       3794        752       4152     127884   Grand Totals
     50818       3484       3794        120       4152     127884   ELF Image Totals (compressed)
     50818       3484       3794        120          0          0   ROM Totals

==============================================================================

    Total RO  Size (Code + RO Data)                54612 (  53.33kB)
    Total RW  Size (RW Data + ZI Data)              4904 (   4.79kB)
    Total ROM Size (Code + RO Data + RW Data)      54732 (  53.45kB)

==============================================================================

